Flutter crash report.
Please report a bug at https://github.com/flutter/flutter/issues.

## command

flutter run

## exception

ProcessException: ProcessException: An Application Control policy has blocked this file (at ../../runtime/bin/process_win.cc:577)
  Command: C:\Users\grote\develop\flutter\bin\cache\artifacts\engine\windows-x64\impellerc.exe --sksl --iplr --json --sl=build\flutter_assets\shaders/ink_sparkle.frag --spirv=build\flutter_assets\shaders/ink_sparkle.frag.spirv --input=C:\Users\grote\develop\flutter\packages\flutter\lib\src\material\shaders\ink_sparkle.frag --input-type=frag --include=C:\Users\grote\develop\flutter\packages\flutter\lib\src\material\shaders --include=C:\Users\grote\develop\flutter\bin\cache\artifacts\engine\windows-x64\shader_lib

```
#0      _ProcessImpl._start (dart:io-patch/process_patch.dart:411:33)
#1      Process.start (dart:io-patch/process_patch.dart:42:20)
#2      _runNonInteractiveProcess (dart:io-patch/process_patch.dart:613:18)
#3      Process.run (dart:io-patch/process_patch.dart:56:12)
#4      LocalProcessManager.run (package:process/src/interface/local_process_manager.dart:72:22)
#5      ErrorHandlingProcessManager.run.<anonymous closure> (package:flutter_tools/src/base/error_handling_io.dart:628:26)
#6      _run (package:flutter_tools/src/base/error_handling_io.dart:514:20)
#7      ErrorHandlingProcessManager.run (package:flutter_tools/src/base/error_handling_io.dart:626:12)
#8      ShaderCompiler.compileShader (package:flutter_tools/src/build_system/tools/shader_compiler.dart:195:56)
#9      writeBundle.<anonymous closure> (package:flutter_tools/src/bundle_builder.dart:227:46)
<asynchronous suspension>
#10     Future.wait.<anonymous closure> (dart:async/future.dart:546:21)
<asynchronous suspension>
#11     writeBundle (package:flutter_tools/src/bundle_builder.dart:171:3)
<asynchronous suspension>
#12     WebDevFS.update (package:flutter_tools/src/isolated/devfs_web.dart:342:9)
<asynchronous suspension>
#13     ResidentWebRunner._updateDevFS (package:flutter_tools/src/isolated/resident_web_runner.dart:797:35)
<asynchronous suspension>
#14     ResidentWebRunner.run.<anonymous closure> (package:flutter_tools/src/isolated/resident_web_runner.dart:330:41)
<asynchronous suspension>
#15     asyncGuard.<anonymous closure> (package:flutter_tools/src/base/async_guard.dart:108:24)
<asynchronous suspension>
```

## flutter doctor

```
[32m[✓][39m Flutter (Channel stable, 3.44.0, on Microsoft Windows [Version 10.0.26200.8457], locale en-001) [249ms]
    [32m•[39m Flutter version 3.44.0 on channel stable at C:\Users\grote\develop\flutter
    [32m•[39m Upstream repository https://github.com/flutter/flutter.git
    [32m•[39m Framework revision 559ffa3f75 (2 weeks ago), 2026-05-15 14:13:13 -0700
    [32m•[39m Engine revision 4c525dac5e
    [32m•[39m Dart version 3.12.0
    [32m•[39m DevTools version 2.57.0
    [32m•[39m Feature flags: enable-web, enable-linux-desktop, enable-macos-desktop, enable-windows-desktop,
      enable-android, enable-ios, cli-animations, enable-native-assets, enable-swift-package-manager,
      omit-legacy-version-file, enable-lldb-debugging, enable-uiscene-migration

[32m[✓][39m Windows Version (Windows 11 or higher, 25H2, 2009) [1,277ms]

[33m[!][39m Android toolchain - develop for Android devices (Android SDK version 36.1.0) [6.3s]
    [32m•[39m Android SDK at C:\Users\grote\AppData\Local\Android\sdk
    [32m•[39m Emulator version 36.5.11.0 (build_id 15261927) (CL:N/A)
    [31m✗[39m cmdline-tools component is missing.
      Try installing or updating Android Studio.
      Alternatively, download the tools from https://developer.android.com/studio#command-line-tools-only and make
      sure to set the ANDROID_HOME environment variable.
      See https://developer.android.com/studio/command-line for more details.
    [31m✗[39m Android license status unknown.
      Run `flutter doctor --android-licenses` to accept the SDK licenses.
      See https://flutter.dev/to/windows-android-setup for more details.

[32m[✓][39m Chrome - develop for the web [115ms]
    [32m•[39m Chrome at C:\Program Files\Google\Chrome\Application\chrome.exe

[32m[✓][39m Visual Studio - develop Windows apps (Visual Studio Community 2026 Insiders [11819.209]) [114ms]
    [32m•[39m Visual Studio at C:\Program Files\Microsoft Visual Studio\18\Insiders
    [32m•[39m Visual Studio Community 2026 version 18.7.11819.209
    [32m•[39m The current Visual Studio installation is a pre-release version. It may not be supported by Flutter yet.
    [32m•[39m Windows 10 SDK version 10.0.26100.0

[32m[✓][39m Connected device (3 available) [125ms]
    [32m•[39m Windows (desktop) • windows • windows-x64    • Microsoft Windows [Version 10.0.26200.8457]
    [32m•[39m Chrome (web)      • chrome  • web-javascript • Google Chrome 148.0.7778.216
    [32m•[39m Edge (web)        • edge    • web-javascript • Microsoft Edge 148.0.3967.96

[32m[✓][39m Network resources [700ms]
    [32m•[39m All expected network resources are available.

[33m![39m Doctor found issues in 1 category.
```
